C51 COMPILER V9.60.0.0   INT0                                                              11/20/2023 18:20:34 PAGE 1   


C51 COMPILER V9.60.0.0, COMPILATION OF MODULE INT0
OBJECT MODULE PLACED IN .\Objects\int0.obj
COMPILER INVOKED BY: D:\MDK\C51\BIN\C51.EXE int0.c OPTIMIZE(8,SPEED) BROWSE DEBUG OBJECTEXTEND PRINT(.\Listings\int0.lst
                    -) TABS(2) OBJECT(.\Objects\int0.obj)

line level    source

   1          #include "int0.h"
   2          
   3          //外部中断
   4          void EXIT_Init(){
   5   1        IT0 = 1;  //下降沿触发
   6   1        IE0 = 0;  //中断标志位
   7   1        EX0 = 1;  //中断开始
   8   1        EA = 1;   //开启总中断
   9   1        PX0 = 1;  //设置高优先级
  10   1      }


MODULE INFORMATION:   STATIC OVERLAYABLE
   CODE SIZE        =     11    ----
   CONSTANT SIZE    =   ----    ----
   XDATA SIZE       =   ----    ----
   PDATA SIZE       =   ----    ----
   DATA SIZE        =   ----    ----
   IDATA SIZE       =   ----    ----
   BIT SIZE         =   ----    ----
END OF MODULE INFORMATION.


C51 COMPILATION COMPLETE.  0 WARNING(S),  0 ERROR(S)
