C51 COMPILER V9.60.0.0   MAIN                                                              11/19/2023 11:42:15 PAGE 1   


C51 COMPILER V9.60.0.0, COMPILATION OF MODULE MAIN
OBJECT MODULE PLACED IN .\Objects\main.obj
COMPILER INVOKED BY: D:\MDK\C51\BIN\C51.EXE main.c OPTIMIZE(8,SPEED) BROWSE DEBUG OBJECTEXTEND PRINT(.\Listings\main.lst
                    -) TABS(2) OBJECT(.\Objects\main.obj)

line level    source

   1          #include <REGX52.H>
   2          #include "timer.h"
   3          
   4          static unsigned int t0_Count = 0;
   5          
   6          void Timer0Init(void)   //1毫秒@11.0592MHz
   7          {
   8   1        TMOD &= 0xF0;   //设置定时器模式
   9   1        TMOD |= 0X01; //
  10   1        TL0 = 0x66;   //设置定时初值
  11   1        TH0 = 0xFC;   //设置定时初值
  12   1        TF0 = 0;    //清除TF0标志
  13   1        TR0 = 1;    //定时器0开始计时
  14   1        
  15   1        ET0 = 1;      //中断控制位
  16   1        EA = 1;       //开启总中断
  17   1        PT0 = 1;      //设置优先级
  18   1      }
  19          
  20          
  21          //设置定时器1us
  22          //void timer0_init(){
  23          //  TF0 = 0;      //定时器溢出中断标志位
  24          //  TR0 = 1;      //定时器控制位
  25          //  TMOD &= 0XF0; //设置定时器0，为16进制计数器
  26          //  TMOD |= 0X01; //
  27          //  TL0 = 0X18;   //设置低8位
  28          //  TH0 = 0XFC;   //设置高8位
  29          //  
  30          //  ET0 = 1;      //中断控制位
  31          //  EA = 1;       //开启总中断
  32          //  PT0 = 1;      //设置优先级
  33          //}
  34          
  35          void main(){
  36   1        Timer0Init();
  37   1        P2_0 = 0;
  38   1        while(1){
  39   2        
  40   2        }
  41   1      }
  42          
  43          //设置定时器1ms，让LED灯翻转
  44          void timer0_rountion(void) interrupt 1
  45          {
  46   1        TL0 = 0X66;   //设置低8位
  47   1        TH0 = 0XFC;   //设置高8位
  48   1        t0_Count++;
  49   1        if(t0_Count >= 1000){   //定时器定时1ms
  50   2          t0_Count = 0;
  51   2          P2_0 = ~P2_0;
  52   2        }
  53   1      }

C51 COMPILER V9.60.0.0   MAIN                                                              11/19/2023 11:42:15 PAGE 2   


MODULE INFORMATION:   STATIC OVERLAYABLE
   CODE SIZE        =     70    ----
   CONSTANT SIZE    =   ----    ----
   XDATA SIZE       =   ----    ----
   PDATA SIZE       =   ----    ----
   DATA SIZE        =      2    ----
   IDATA SIZE       =   ----    ----
   BIT SIZE         =   ----    ----
END OF MODULE INFORMATION.


C51 COMPILATION COMPLETE.  0 WARNING(S),  0 ERROR(S)
